---
source: crates/rusta-repomap/tests/repomap.rs
assertion_line: 74
expression: map
---

api.py:
⋮
│
│def handle_restock(payload):
│    mgr = InventoryManager()
│    mgr.restock(payload["sku"], payload["count"])
⋮

store.py:
│class InventoryManager:
│    def __init__(self):
│        self.stock = {}
│
│    def restock(self, sku, count):
│        self.stock[sku] = count
