---
source: crates/rusta-repomap/tests/repomap.rs
assertion_line: 99
expression: with_chat
---

src/a.rs:
│pub fn calculate_total(items: &[u32]) -> u32 {
│    items.iter().sum()
│}
│
│pub struct InvoiceRecord {
│    pub id: u32,
│}

src/b.rs:
⋮
│
│pub fn render_invoice(rec: &InvoiceRecord) -> String {
│    format!("{} {}", rec.id, calculate_total(&[rec.id]))
│}
